AR proyectocontador behavioral "C:/Users/Hilary Calva Camacho/Desktop/PROYECTOS VHDL/GeneracionComponentes/ProyectoContador.vhd" sub00/vhpl03 1658546967
EN contador NULL "C:/Users/Hilary Calva Camacho/Desktop/PROYECTOS VHDL/GeneracionComponentes/Contador.vhd" sub00/vhpl00 1658546964
EN proyectocontador NULL "C:/Users/Hilary Calva Camacho/Desktop/PROYECTOS VHDL/GeneracionComponentes/ProyectoContador.vhd" sub00/vhpl02 1658546966
AR contador behavioral "C:/Users/Hilary Calva Camacho/Desktop/PROYECTOS VHDL/GeneracionComponentes/Contador.vhd" sub00/vhpl01 1658546965
